../Core/Src/hardware/buzzer.c:18:8:getNoteFrequency	24	static
../Core/Src/hardware/buzzer.c:22:6:setVolume	16	static
../Core/Src/hardware/buzzer.c:28:6:setFrequency	16	static
../Core/Src/hardware/buzzer.c:32:6:setPlay	16	static
../Core/Src/hardware/buzzer.c:38:7:playNote	24	static
../Core/Src/hardware/buzzer.c:47:7:playA	8	static
../Core/Src/hardware/buzzer.c:50:7:playB	8	static
../Core/Src/hardware/buzzer.c:53:7:playC	8	static
../Core/Src/hardware/buzzer.c:56:7:playD	8	static
../Core/Src/hardware/buzzer.c:59:7:playE	8	static
../Core/Src/hardware/buzzer.c:62:7:playF	8	static
../Core/Src/hardware/buzzer.c:65:7:playG	8	static
../Core/Src/hardware/buzzer.c:69:7:playAll	8	static
../Core/Src/hardware/buzzer.c:79:7:upOctave	8	static
../Core/Src/hardware/buzzer.c:89:7:downOctave	8	static
../Core/Src/hardware/buzzer.c:99:7:upDuration	8	static
../Core/Src/hardware/buzzer.c:110:7:downDuration	8	static
../Core/Src/hardware/buzzer.c:121:6:disableIsPlaying	4	static
