../Core/Src/tim.c:39:6:MX_TIM1_Init	96	static
../Core/Src/tim.c:109:6:MX_TIM6_Init	16	static
../Core/Src/tim.c:142:6:MX_TIM7_Init	16	static
../Core/Src/tim.c:175:6:HAL_TIM_Base_MspInit	32	static
../Core/Src/tim.c:220:6:HAL_TIM_MspPostInit	40	static
../Core/Src/tim.c:248:6:HAL_TIM_Base_MspDeInit	16	static
../Core/Src/tim.c:293:19:TIM6_START	8	static
../Core/Src/tim.c:297:19:TIM6_STOP	8	static
../Core/Src/tim.c:301:6:setPlayAllFlag	4	static
../Core/Src/tim.c:305:6:resetPlayAllFlag	4	static
../Core/Src/tim.c:309:6:HAL_TIM_PeriodElapsedCallback	16	static
